// Jest Snapshot v1, https://goo.gl/fbAQLP

exports[`should render Footer 1`] = `
<Fragment>
  <div>
    ©
     
    <a
      href="http://www.metinarslanturk.com"
      rel="noopener noreferrer"
      target="_blank"
    >
      Metin Arslanturk
    </a>
     
    <span
      className="mail-text"
    >
      ( contact@metinarslanturk.com )
    </span>
     
    --
     
    <a
      href="https://github.com/MetinArslanturk/shopeluska"
      rel="noopener noreferrer"
      target="_blank"
    >
      GitHub of This Project
    </a>
  </div>
</Fragment>
`;
